Notes on cloning the GitHub pages branch as the build directory,
based upon:

 http://stackoverflow.com/questions/26120163/how-to-properly-commit-in-repository-with-github-pages-branch/29616287#29616287

initial setup:

$ rm -rf build
$ git clone . build
Cloning into 'build'...
done.
$ cd build
$ git checkout --orphan gh-pages
Switched to a new branch 'gh-pages'
$ git reset --hard
$ git commit --allow-empty -m 'initial build commit'
[gh-pages (root-commit) 736d806] initial build commit
$ git branch -d master
warning: deleting branch 'master' that has been merged to
         'refs/remotes/origin/master', but not yet merged to HEAD.
Deleted branch master (was 1d70874).
$ git push origin -u gh-pages
Counting objects: 2, done.
Writing objects: 100% (2/2), 172 bytes | 0 bytes/s, done.
Total 2 (delta 0), reused 0 (delta 0)
To /path/to/myrepo/.
 * [new branch]      gh-pages -> gh-pages
Branch gh-pages set up to track remote branch gh-pages from origin.
$ cat .git/config
[core]
	repositoryformatversion = 0
	filemode = true
	bare = false
	logallrefupdates = true
[remote "origin"]
	url = /path/to/myrepo/.
	fetch = +refs/heads/*:refs/remotes/origin/*
[branch "gh-pages"]
	remote = origin
	merge = refs/heads/gh-pages
$ cd ..
$ make
$ cd build
$ git add .
$ git commit -m 'initial site build'
[gh-pages fd4fc2a] initial site build
 76 files changed, 6727 insertions(+)
 create mode 100644 .nojekyll
...
$ git push
Counting objects: 182, done.
Delta compression using up to 4 threads.
Compressing objects: 100% (105/105), done.
Writing objects: 100% (182/182), 89.41 KiB | 0 bytes/s, done.
Total 182 (delta 31), reused 0 (delta 0)
To /path/to/myrepo/.
   736d806..fd4fc2a  gh-pages -> gh-pages
$ cd..
$ git checkout gh-pages
Switched to branch 'gh-pages'
$ git push origin -u gh-pages
Counting objects: 184, done.
Delta compression using up to 4 threads.
Compressing objects: 100% (75/75), done.
Writing objects: 100% (184/184), 89.55 KiB | 0 bytes/s, done.
Total 184 (delta 31), reused 182 (delta 31)
To git@github.com:jja/haxx.sinequanon.net.git
 * [new branch]      gh-pages -> gh-pages
Branch gh-pages set up to track remote branch gh-pages from origin.
$ git checkout master
$ git config --global push.default matching


future workflow:

$ cd /path/to/myrepo
$ vi ...
$ make
$ cd build
$ git add ...
$ git commit ...
$ git push
$ cd ..
$ git add ...
$ git commit ...
$ git push
